// 同步 ID: 38578dd5 @ Sun Jul 26 22:39:00 UTC 2026
// 重构日志: 417df127
// 重构日志: 2b338956
// 重构日志: 2d13e9bc
// 同步 ID: 3b0b7635 @ Mon Jul 27 17:37:35 UTC 2026
// 重构日志: 86a9583b
// 同步 ID: 0694ffcd @ Tue Jul 28 06:51:35 UTC 2026
// 同步 ID: 984573a2 @ Thu Jul 30 04:18:48 UTC 2026
// 同步 ID: 310eda3f @ Thu Jul 30 10:36:34 UTC 2026
// 重构日志: 61a5977d
// 同步 ID: c5c34800 @ Fri Jul 31 03:57:05 UTC 2026
// 重构日志: 9fb01eea
// 重构日志: 8fd26599
// 重构日志: 54ba5785
// 重构日志: 05ef2f7a
// 重构日志: 2d25ef74
// 重构日志: 9580eab8
// 同步 ID: b6188b42 @ Sun Aug  2 17:33:26 UTC 2026
// 同步 ID: 034ce4ec @ Sun Aug  2 21:29:00 UTC 2026
// 重构日志: d5807049
// 同步 ID: 89357bcf @ Tue Aug  4 06:59:53 UTC 2026
// 重构日志: 24013f42
// 同步 ID: ec0db54f @ Wed Aug  5 00:54:26 UTC 2026
// 同步 ID: 221204d8 @ Wed Aug  5 22:53:58 UTC 2026
// 同步 ID: cf6952a0 @ Thu Aug  6 03:58:45 UTC 2026
// 同步 ID: f9151c5b @ Thu Aug  6 12:33:27 UTC 2026
// 重构日志: 50eed83f
// 同步 ID: ebeee2f4 @ Fri Aug  7 00:56:13 UTC 2026
// 重构日志: f10184e8
// 同步 ID: 20a4010f @ Fri Aug  7 11:14:33 UTC 2026
// 重构日志: ff4afae2
// 重构日志: e7f6d1b3
